[www.thesenortequila.com/index.html]
[backblue.gif]
[fade.gif]
[index.html]
[netdna.bootstrapcdn.com/font-awesome/4.1.0/css/font-awesome.css]
[www.thesenortequila.com/feed/index.html]
[www.thesenortequila.com/wp-includes/js/jquery/jqueryc1d8.js]
[www.thesenortequila.com/comments/feed/index.html]
[www.thesenortequila.com/about/feed/index.html]
[www.thesenortequila.com/wp-includes/js/jquery/jquery-migrate.min1576.js]
[www.thesenortequila.com/xmlrpc0db0.php]
[www.thesenortequila.com/wp-includes/wlwmanifest.xml]
[www.thesenortequila.com/wp-content/themes/Divi 2.4/images/logo.png]
[www.thesenortequila.com/img/ST-Web-Logo.png]
[www.thesenortequila.com/img/social-logo.png]
[www.thesenortequila.com/about-senor-tequila-mexican-grill/index.html]
[www.thesenortequila.com/img/social-facebook.png]
[www.thesenortequila.com/margaritas-from-the-bar/index.html]
[www.thesenortequila.com/img/social-instagram.png]
[www.thesenortequila.com/drinks-from-the-bar/index.html]
[www.thesenortequila.com/wp-content/uploads/2015/09/slideshow-mahi-e1443111432502.jpg]
[www.thesenortequila.com/menu-lunch/index.html]
[www.thesenortequila.com/wp-content/uploads/2015/09/slideshow-tacos-e1443111397699.jpg]
[www.thesenortequila.com/menu-appetizers/index.html]
[www.thesenortequila.com/wp-content/uploads/2015/09/slideshow-VIP.jpg]
[www.thesenortequila.com/menu-soups-and-salads/index.html]
[www.thesenortequila.com/menu-house-specialties/index.html]
[www.thesenortequila.com/wp-content/uploads/2015/09/slideshow-salad-e1443111419280.jpg]
[www.thesenortequila.com/wp-content/uploads/2015/09/slideshow-Quesadilla-e1443111458223.jpg]
[www.thesenortequila.com/menu-special-dinners/index.html]
[www.thesenortequila.com/wp-content/uploads/2015/09/slideshow-appetizers.jpg]
[www.thesenortequila.com/menu-taqueria/index.html]
[www.thesenortequila.com/wp-content/uploads/2015/09/slideshow-steak.jpg]
[www.thesenortequila.com/wp-content/uploads/2015/09/full-block-bkg-02.jpg]
[www.thesenortequila.com/menu-seafood/index.html]
[www.thesenortequila.com/menu-vegetarian/index.html]
[www.thesenortequila.com/wp-content/uploads/2015/09/btn-view-menu-gold.png]
[www.thesenortequila.com/menu-desserts/index.html]
[www.thesenortequila.com/wp-content/uploads/2015/09/btn-view-menu-orange.png]
[www.thesenortequila.com/lunch-specials/index.html]
[www.thesenortequila.com/wp-content/uploads/2015/09/btn-view-menu-green.png]
[www.thesenortequila.com/happy-hour-bar-specials/index.html]
[www.thesenortequila.com/wp-content/uploads/2015/09/ST-Web-White-Bkg.png]
[www.thesenortequila.com/photo-gallery/index.html]
[www.thesenortequila.com/wp-content/uploads/2015/09/ST-SD-3Olives-e1442469086554.png]
[www.thesenortequila.com/wp-content/uploads/2015/09/ST-SD-Maestro-Dobel.png]
[www.thesenortequila.com/locations-contact-us/index.html]
[www.thesenortequila.com/wp-content/uploads/2015/09/ST-SD-Jose-Cuervo.png]
[www.thesenortequila.com/wp-content/uploads/2015/09/btn-view-drinks-gold.png]
[www.thesenortequila.com/premier-specialty-drinks/index.html]
[www.thesenortequila.com/wp-content/uploads/2015/09/block-rt-green.png]
[www.thesenortequila.com/careers-at-senor-tequila/index.html]
[www.thesenortequila.com/wp-content/uploads/2015/09/block-lt-gold.png]
[www.thesenortequila.com/wp-content/uploads/2015/09/block-photo-veggie-fajita.jpg]
[www.thesenortequila.com/wp-content/uploads/2015/09/block-photo-mojarra.jpg]
[www.thesenortequila.com/wp-content/uploads/2015/09/block-lt-orange.png]
[www.thesenortequila.com/wp-content/uploads/2015/09/block-photo-churros.jpg]
[www.thesenortequila.com/wp-content/uploads/2015/09/block-rt-gold.png]
[www.thesenortequila.com/wp-content/uploads/2015/09/block-photo-mojitos.jpg]
[www.thesenortequila.com/wp-content/uploads/2015/09/gallery-shrimp-tacos.jpg]
[www.thesenortequila.com/wp-content/uploads/2015/09/block-photo-flautas.jpg]
[www.thesenortequila.com/wp-content/uploads/2015/09/block-photo-vip-margaritas.jpg]
[www.thesenortequila.com/wp-content/uploads/2015/09/block-photo-chimichanga1.jpg]
[www.thesenortequila.com/wp-content/uploads/2015/09/block-rt-orange.png]
[www.thesenortequila.com/wp-content/uploads/2015/09/block-photo-steak-cascabel.jpg]
[www.thesenortequila.com/wp-content/uploads/2015/09/block-photo-santa-fe-salad.jpg]
[www.thesenortequila.com/wp-content/uploads/2015/09/block-lt-green.png]
[www.thesenortequila.com/wp-content/uploads/2015/09/block-photo-ceviche.jpg]
[www.thesenortequila.com/wp-content/themes/Divi 2.4/includes/builder/scripts/frontend-builder-global-functions9776.js]
[www.thesenortequila.com/wp-content/plugins/scroll-back-to-top/assets/js/scroll-back-to-top.js]
[www.thesenortequila.com/wp-includes/js/comment-reply.min5b31.js]
[www.thesenortequila.com/wp-content/themes/Divi 2.4/js/custom9776.js]
[www.thesenortequila.com/wp-content/themes/Divi 2.4/includes/builder/scripts/jquery.fitvids9776.js]
[www.thesenortequila.com/wp-content/themes/Divi 2.4/includes/builder/scripts/waypoints.min9776.js]
[www.thesenortequila.com/wp-content/themes/Divi 2.4/includes/builder/scripts/jquery.magnific-popup9776.js]
[www.thesenortequila.com/wp-content/themes/Divi 2.4/includes/builder/scripts/frontend-builder-scripts9776.js]
[www.thesenortequila.com/index.html]
[www.thesenortequila.com/xmlrpc.php]
[netdna.bootstrapcdn.com/font-awesome/4.1.0/css/font-awesome.css]
[www.thesenortequila.com/wp-content/themes/Divi 2.4/fonts/steelfish_bd.eot]
[www.thesenortequila.com/wp-content/themes/Divi 2.4/fonts/steelfish_bd.woff]
[www.thesenortequila.com/wp-content/themes/Divi 2.4/fonts/steelfish_bdd41d.eot]
[www.thesenortequila.com/wp-content/themes/Divi 2.4/fonts/steelfish_bd.ttf]
[www.thesenortequila.com/wp-content/themes/Divi 2.4/fonts/steelfish_rg.eot]
[www.thesenortequila.com/wp-content/themes/Divi 2.4/fonts/steelfish_rgd41d.eot]
[www.thesenortequila.com/wp-content/themes/Divi 2.4/fonts/steelfish_rg.woff]
[www.thesenortequila.com/wp-content/themes/Divi 2.4/fonts/steelfish_rg.ttf]
[www.thesenortequila.com/wp-content/themes/Divi 2.4/style9776.css]
[www.thesenortequila.com/wp-content/themes/Divi 2.4/epanel/shortcodes/images/shortcodes-sprite.png]
[www.thesenortequila.com/wp-content/themes/Divi 2.4/epanel/shortcodes/css/shortcodes6aec.css]
[www.thesenortequila.com/wp-content/themes/Divi 2.4/epanel/shortcodes/css/shortcodes_responsive6aec.css]
[www.thesenortequila.com/wp-content/uploads/2015/09/St-header-about.44.delayed]
[www.thesenortequila.com/wp-content/uploads/2015/09/St-header-about.jpg]
[www.thesenortequila.com/about-senor-tequila-mexican-grill/index.html]
[www.thesenortequila.com/wp-content/uploads/2015/09/St-header-margarita._]
[www.thesenortequila.com/wp-content/uploads/2015/09/St-header-margarita.jpg]
[www.thesenortequila.com/wp-content/uploads/2015/09/gallery-Sangrita.jpg]
[www.thesenortequila.com/wp-content/uploads/2015/09/gallery-Tamarindo-Margarita.jpg]
[www.thesenortequila.com/wp-content/uploads/2015/09/gallery-VIP-Margarita.jpg]
[www.thesenortequila.com/wp-content/uploads/2015/09/gallery-Sunset-Margarita.jpg]
[www.thesenortequila.com/wp-content/uploads/2015/09/galleryWatermellon-Margarita.jpg]
[www.thesenortequila.com/wp-content/uploads/2015/09/gallery-Fresco-Margarita.jpg]
[www.thesenortequila.com/wp-content/uploads/2015/09/gallery-Blackberry-Mint-Margarita.jpg]
[www.thesenortequila.com/wp-content/uploads/2015/09/enlarge-icon-bkg.png]
[www.thesenortequila.com/margaritas-from-the-bar/index.html]
[www.thesenortequila.com/wp-content/uploads/2015/09/St-header-drinks.50.delayed]
[www.thesenortequila.com/wp-content/uploads/2015/09/St-header-drinks.jpg]
[www.thesenortequila.com/wp-content/uploads/2015/09/gallery-Sangria-drinks.jpg]
[www.thesenortequila.com/wp-content/uploads/2015/09/gallery-mojito-drinks.jpg]
[www.thesenortequila.com/wp-content/uploads/2015/09/gallery-coconut-dream-drinks.jpg]
[www.thesenortequila.com/drinks-from-the-bar/index.html]
[www.thesenortequila.com/wp-content/uploads/2015/09/St-header-lunch.55.delayed]
[www.thesenortequila.com/wp-content/uploads/2015/09/St-header-lunch.jpg]
[www.thesenortequila.com/wp-content/uploads/2015/09/gallery-mexican-pizza.jpg]
[www.thesenortequila.com/wp-content/uploads/2015/09/gallery-chimichanga.jpg]
[www.thesenortequila.com/menu-lunch/index.html]
[www.thesenortequila.com/wp-content/uploads/2015/09/St-header-appetizers.59.delayed]
[www.thesenortequila.com/wp-content/uploads/2015/09/St-header-appetizers.jpg]
[www.thesenortequila.com/wp-content/uploads/2015/09/gallery-wings.jpg]
[www.thesenortequila.com/wp-content/uploads/2015/09/gallery-shrimp-cocktail.jpg]
[www.thesenortequila.com/wp-content/uploads/2015/09/gallery-sopes.jpg]
[www.thesenortequila.com/wp-content/uploads/2015/09/gallery-cerviche.jpg]
[www.thesenortequila.com/menu-appetizers/index.html]
[www.thesenortequila.com/wp-content/uploads/2015/09/St-header-salads.5f.delayed]
[www.thesenortequila.com/wp-content/uploads/2015/09/St-header-salads.jpg]
[www.thesenortequila.com/wp-content/uploads/2015/09/gallery-grilled-salmon-salad.jpg]
[www.thesenortequila.com/wp-content/uploads/2015/09/gallery-sante-fe-salad.jpg]
[www.thesenortequila.com/wp-content/uploads/2015/09/gallery-crema-de-elote.jpg]
[www.thesenortequila.com/menu-soups-and-salads/index.html]
[www.thesenortequila.com/wp-content/uploads/2015/09/St-header-house-specialties.jpg]
[www.thesenortequila.com/wp-content/uploads/2015/09/gallery-texas-fajitas.jpg]
[www.thesenortequila.com/wp-content/uploads/2015/09/gallery-brochetas.jpg]
[www.thesenortequila.com/wp-content/uploads/2015/09/gallery-steak-tapiqueno.jpg]
[www.thesenortequila.com/wp-content/uploads/2015/09/gallery-steak-cascabel.jpg]
[www.thesenortequila.com/wp-content/uploads/2015/09/gallery-pollo-margarita.jpg]
[www.thesenortequila.com/wp-content/uploads/2015/09/gallery-pollo-acapulco.jpg]
[www.thesenortequila.com/wp-content/uploads/2015/09/gallery-steak-monterrey.jpg]
[www.thesenortequila.com/menu-house-specialties/index.html]
[www.thesenortequila.com/wp-content/uploads/2015/09/St-header-special-dinners.6c.delayed]
[www.thesenortequila.com/wp-content/uploads/2015/09/St-header-special-dinners.jpg]
[www.thesenortequila.com/wp-content/uploads/2015/09/gallery-flautas-mexicanas.jpg]
[www.thesenortequila.com/wp-content/uploads/2015/09/gallery-el-sombrero.jpg]
[www.thesenortequila.com/wp-content/uploads/2015/09/gallery-montery-burger.jpg]
[www.thesenortequila.com/wp-content/uploads/2015/09/gallery-la-gringa-quesadillo.jpg]
[www.thesenortequila.com/wp-content/uploads/2015/09/gallery-fiesta-quesadillo.jpg]
[www.thesenortequila.com/wp-content/uploads/2015/09/gallery-pollo-tapatio.jpg]
[www.thesenortequila.com/menu-special-dinners/index.html]
[www.thesenortequila.com/wp-content/uploads/2015/09/St-header-taqueria.74.delayed]
[www.thesenortequila.com/wp-content/uploads/2015/09/St-header-taqueria.jpg]
[www.thesenortequila.com/wp-content/uploads/2015/09/gallery-al-pastor-tacos.jpg]
[www.thesenortequila.com/menu-taqueria/index.html]
[www.thesenortequila.com/wp-content/uploads/2015/09/St-header-seafood._]
[www.thesenortequila.com/wp-content/uploads/2015/09/St-header-seafood.jpg]
[www.thesenortequila.com/wp-content/uploads/2015/09/gallery-mojarra.jpg]
[www.thesenortequila.com/wp-content/uploads/2015/09/gallery-crab-spinach-enchiladas.jpg]
[www.thesenortequila.com/wp-content/uploads/2015/09/gallery-mahi-mahi-tropical.jpg]
[www.thesenortequila.com/menu-seafood/index.html]
[www.thesenortequila.com/wp-content/uploads/2015/09/St-header-vegetarian.7c.delayed]
[www.thesenortequila.com/wp-content/uploads/2015/09/St-header-vegetarian.jpg]
[www.thesenortequila.com/wp-content/uploads/2015/09/gallery-veggie-fajitas.jpg]
[www.thesenortequila.com/menu-vegetarian/index.html]
[www.thesenortequila.com/wp-content/uploads/2015/09/St-header-desserts._]
[www.thesenortequila.com/wp-content/uploads/2015/09/St-header-desserts.jpg]
[www.thesenortequila.com/wp-content/uploads/2015/09/gallery-churros.jpg]
[www.thesenortequila.com/wp-content/uploads/2015/09/gallery-lava-cake.jpg]
[www.thesenortequila.com/menu-desserts/index.html]
[www.thesenortequila.com/wp-content/uploads/2015/10/St-header-lunch-specials._]
[www.thesenortequila.com/wp-content/uploads/2015/10/St-header-lunch-specials.jpg]
[www.thesenortequila.com/lunch-specials/index.html]
[www.thesenortequila.com/wp-content/uploads/2015/10/St-header-happy-hour._]
[www.thesenortequila.com/wp-content/uploads/2015/10/St-header-happy-hour.jpg]
[www.thesenortequila.com/happy-hour-bar-specials/index.html]
[www.thesenortequila.com/wp-content/uploads/2015/09/St-header-galleries._]
[www.thesenortequila.com/wp-content/uploads/2015/09/St-header-galleries.jpg]
[www.thesenortequila.com/wp-content/uploads/2015/10/gallery-label-restaurants.jpg]
[www.thesenortequila.com/gallery-restaurants/index.html]
[www.thesenortequila.com/wp-content/uploads/2015/10/gallery-label-food.jpg]
[www.thesenortequila.com/wp-content/uploads/2015/10/gallery-label-drink.jpg]
[www.thesenortequila.com/photo-gallery/index.html]
[www.thesenortequila.com/wp-content/uploads/2015/09/St-header-locations.8c.delayed]
[www.thesenortequila.com/wp-content/uploads/2015/09/St-header-locations.jpg]
[www.thesenortequila.com/wp-content/uploads/2015/09/block-photo-location-winter-springs.png]
[www.thesenortequila.com/locations-contact-us/info@TheSenorTequila.com]
[www.thesenortequila.com/wp-content/uploads/2015/09/btn-click-call-green.png]
[www.thesenortequila.com/wp-content/uploads/2015/09/btn-facebook.png]
[www.thesenortequila.com/wp-content/uploads/2015/09/block-photo-location-tampa.png]
[www.thesenortequila.com/wp-content/uploads/2015/09/block-photo-location-westchase.png]
[www.thesenortequila.com/locations-contact-us/index.html]
[www.thesenortequila.com/wp-content/uploads/2015/09/St-header-specialty-drinks.94.delayed]
[www.thesenortequila.com/wp-content/uploads/2015/09/St-header-specialty-drinks.jpg]
[www.thesenortequila.com/premier-specialty-drinks/index.html]
[www.thesenortequila.com/wp-content/uploads/2015/09/St-header-careers._]
[www.thesenortequila.com/wp-content/uploads/2015/09/St-header-careers.jpg]
[www.thesenortequila.com/careers-at-senor-tequila/index.html]
[www.thesenortequila.com/wp-content/themes/Divi 2.4/css/main-styles9776.css]
[www.thesenortequila.com/wp-content/themes/Divi 2.4/includes/builder/fonts/ETmodules_v2_4.eot]
[www.thesenortequila.com/wp-content/themes/Divi 2.4/includes/builder/fonts/ETmodules_v2_4.ttf]
[www.thesenortequila.com/wp-content/themes/Divi 2.4/includes/builder/fonts/ETmodules_v2_4d41d.eot]
[www.thesenortequila.com/wp-content/themes/Divi 2.4/includes/builder/fonts/ETmodules_v2_4.woff]
[www.thesenortequila.com/wp-content/themes/Divi 2.4/includes/builder/styles/images/subscribe-loader.gif]
[www.thesenortequila.com/wp-content/themes/Divi 2.4/includes/builder/styles/images/preloader.gif]
[www.thesenortequila.com/wp-content/themes/Divi 2.4/includes/builder/styles/frontend-builder-style9776.css]
[www.thesenortequila.com/wp-content/themes/Divi 2.4/fonts/steelfish_bd.html]
[www.thesenortequila.com/wp-content/themes/Divi 2.4/fonts/steelfish_bd.svg]
[www.thesenortequila.com/wp-content/themes/Divi 2.4/fonts/steelfish_rg.html]
[www.thesenortequila.com/wp-content/themes/Divi 2.4/fonts/steelfish_rg.svg]
[www.thesenortequila.com/wp-content/uploads/2015/09/St-header-about.html]
[www.thesenortequila.com/indexbcc1.html]
[www.thesenortequila.com/wp-content/uploads/2015/09/St-header-margarita.html]
[www.thesenortequila.com/index73fa.html]
[www.thesenortequila.com/wp-content/uploads/2015/09/St-header-drinks.html]
[www.thesenortequila.com/index4efb.html]
[www.thesenortequila.com/wp-content/uploads/2015/09/St-header-lunch.html]
[www.thesenortequila.com/index2d25.html]
[www.thesenortequila.com/wp-content/uploads/2015/09/St-header-appetizers.html]
[www.thesenortequila.com/index6b92.html]
[www.thesenortequila.com/wp-content/uploads/2015/09/St-header-salads.html]
[www.thesenortequila.com/indexc182.html]
[www.thesenortequila.com/indexf652.html]
[www.thesenortequila.com/wp-content/uploads/2015/09/St-header-special-dinners.html]
[www.thesenortequila.com/index246f.html]
[www.thesenortequila.com/wp-content/uploads/2015/09/St-header-taqueria.html]
[www.thesenortequila.com/index7dad.html]
[www.thesenortequila.com/wp-content/uploads/2015/09/St-header-seafood.html]
[www.thesenortequila.com/indexa215.html]
[www.thesenortequila.com/wp-content/uploads/2015/09/St-header-vegetarian.html]
[www.thesenortequila.com/indexb25f.html]
[www.thesenortequila.com/wp-content/uploads/2015/09/St-header-desserts.html]
[www.thesenortequila.com/indexca7f.html]
[www.thesenortequila.com/wp-content/uploads/2015/10/St-header-lunch-specials.html]
[www.thesenortequila.com/index2487.html]
[www.thesenortequila.com/wp-content/uploads/2015/10/St-header-happy-hour.html]
[www.thesenortequila.com/index03aa.html]
[www.thesenortequila.com/wp-content/uploads/2015/09/St-header-galleries.html]
[www.thesenortequila.com/index094a.html]
[www.thesenortequila.com/wp-content/uploads/2015/10/Winter-Springs.jpg]
[www.thesenortequila.com/wp-content/uploads/2015/10/Winter-Springs-400x250.jpg]
[www.thesenortequila.com/wp-content/themes/Divi 2.4/includes/builder/scripts/jquery.hashchange9776.js]
[www.thesenortequila.com/gallery-restaurants/index.html]
[www.thesenortequila.com/wp-content/uploads/2015/09/St-header-locations.html]
[www.thesenortequila.com/index820c.html]
[www.thesenortequila.com/locations-contact-us/info@TheSenorTequila.html]
[www.thesenortequila.com/wp-content/uploads/2015/09/St-header-specialty-drinks.html]
[www.thesenortequila.com/index30e4.html]
[www.thesenortequila.com/wp-content/uploads/2015/09/St-header-careers.html]
[www.thesenortequila.com/index78eb.html]
[www.thesenortequila.com/wp-content/themes/Divi 2.4/includes/builder/fonts/ETmodules_v2_4.svg]
[www.thesenortequila.com/index2bd3.html]
